2026-05-02 23:43:43,039 - INFO - Bot inicializado
2026-05-02 23:43:43,039 - INFO - ⏰ Bot programado para ejecutar cada hora
2026-05-02 23:43:43,039 - INFO - 

######################################################################
2026-05-02 23:43:43,039 - INFO - # CICLO DE EJECUCIÓN - 2026-05-02 23:43:43.039678
2026-05-02 23:43:43,039 - INFO - ######################################################################
2026-05-02 23:43:43,039 - INFO - 
======================================================================
2026-05-02 23:43:43,039 - INFO - EJECUTANDO: AAPLVolatilityStrategy (AAPL)
2026-05-02 23:43:43,039 - INFO - ======================================================================
2026-05-02 23:43:43,980 - INFO - 📊 Análisis: Volatilidad alta: 5.8096 > 2.0
2026-05-02 23:43:43,981 - INFO -    Confianza: 100.0%
2026-05-02 23:43:43,981 - INFO - ✅ SEÑAL DE ENTRADA
2026-05-02 23:43:43,981 - INFO -    Entry Price: 280.1500
2026-05-02 23:43:43,981 - INFO -    TP: 291.3560
2026-05-02 23:43:43,981 - INFO -    SL: 275.9477
2026-05-02 23:43:43,984 - INFO -    Trade #2 guardado en BD
2026-05-02 23:43:43,985 - INFO - 📊 Trades abiertos: 1
2026-05-02 23:43:43,985 - INFO - 
📈 ESTADÍSTICAS TOTALES:
2026-05-02 23:43:43,985 - INFO -    Total trades: 1
2026-05-02 23:43:43,985 - INFO -    Ganadores: 1
2026-05-02 23:43:43,985 - INFO -    Win Rate: 100.0%
2026-05-02 23:43:43,985 - INFO -    Total Return: +47.96%
2026-05-02 23:43:43,985 - INFO -    Avg Return: +47.96%
2026-05-02 23:43:43,985 - INFO - 
======================================================================
2026-05-02 23:43:43,986 - INFO - EJECUTANDO: MSFTTrendFollowingStrategy (MSFT)
2026-05-02 23:43:43,986 - INFO - ======================================================================
2026-05-02 23:43:44,470 - INFO - 📊 Análisis: Sin cruce: MA10 < MA20
2026-05-02 23:43:44,470 - INFO -    Confianza: 0.0%
2026-05-02 23:43:44,470 - INFO - ❌ Sin señal
2026-05-02 23:43:44,471 - INFO - 📊 Trades abiertos: 1
2026-05-02 23:43:44,471 - INFO - 
📈 ESTADÍSTICAS TOTALES:
2026-05-02 23:43:44,471 - INFO -    Total trades: 1
2026-05-02 23:43:44,471 - INFO -    Ganadores: 1
2026-05-02 23:43:44,472 - INFO -    Win Rate: 100.0%
2026-05-02 23:43:44,472 - INFO -    Total Return: +47.96%
2026-05-02 23:43:44,472 - INFO -    Avg Return: +47.96%
2026-05-02 23:43:44,472 - INFO - 
✅ Ciclo completado

2026-05-02 23:54:34,765 - INFO - Bot inicializado
2026-05-02 23:54:34,766 - INFO - ⏰ Bot programado para ejecutar cada hora
2026-05-02 23:54:34,766 - INFO - 

######################################################################
2026-05-02 23:54:34,766 - INFO - # CICLO DE EJECUCIÓN - 2026-05-02 23:54:34.766269
2026-05-02 23:54:34,766 - INFO - ######################################################################
2026-05-02 23:54:34,766 - INFO - 
======================================================================
2026-05-02 23:54:34,766 - INFO - EJECUTANDO: AAPLVolatilityStrategy (AAPL)
2026-05-02 23:54:34,766 - INFO - ======================================================================
2026-05-02 23:54:35,727 - INFO - 📊 Análisis: Volatilidad alta: 5.8096 > 2.0
2026-05-02 23:54:35,727 - INFO -    Confianza: 100.0%
2026-05-02 23:54:35,727 - INFO - ✅ SEÑAL DE ENTRADA
2026-05-02 23:54:35,727 - INFO -    Entry Price: 280.1500
2026-05-02 23:54:35,727 - INFO -    TP: 291.3560
2026-05-02 23:54:35,727 - INFO -    SL: 275.9477
2026-05-02 23:54:35,732 - INFO -    Trade #3 guardado en BD
2026-05-02 23:54:35,732 - INFO - 📊 Trades abiertos: 2
2026-05-02 23:54:35,732 - INFO - 
📈 ESTADÍSTICAS TOTALES:
2026-05-02 23:54:35,732 - INFO -    Total trades: 1
2026-05-02 23:54:35,732 - INFO -    Ganadores: 1
2026-05-02 23:54:35,732 - INFO -    Win Rate: 100.0%
2026-05-02 23:54:35,732 - INFO -    Total Return: +47.96%
2026-05-02 23:54:35,732 - INFO -    Avg Return: +47.96%
2026-05-02 23:54:35,733 - INFO - 
======================================================================
2026-05-02 23:54:35,733 - INFO - EJECUTANDO: MSFTTrendFollowingStrategy (MSFT)
2026-05-02 23:54:35,733 - INFO - ======================================================================
2026-05-02 23:54:36,054 - INFO - 📊 Análisis: Sin cruce: MA10 < MA20
2026-05-02 23:54:36,054 - INFO -    Confianza: 0.0%
2026-05-02 23:54:36,054 - INFO - ❌ Sin señal
2026-05-02 23:54:36,055 - INFO - 📊 Trades abiertos: 2
2026-05-02 23:54:36,055 - INFO - 
📈 ESTADÍSTICAS TOTALES:
2026-05-02 23:54:36,055 - INFO -    Total trades: 1
2026-05-02 23:54:36,055 - INFO -    Ganadores: 1
2026-05-02 23:54:36,055 - INFO -    Win Rate: 100.0%
2026-05-02 23:54:36,055 - INFO -    Total Return: +47.96%
2026-05-02 23:54:36,055 - INFO -    Avg Return: +47.96%
2026-05-02 23:54:36,055 - INFO - 
✅ Ciclo completado

