nohup: ignoring input
2026-05-03 01:16:07,438 - INFO - Bot inicializado
2026-05-03 01:16:07,438 - INFO - ⏰ Bot programado para ejecutar cada hora
2026-05-03 01:16:07,438 - INFO - 

######################################################################
2026-05-03 01:16:07,438 - INFO - # CICLO DE EJECUCIÓN - 2026-05-03 01:16:07.438244
2026-05-03 01:16:07,438 - INFO - ######################################################################
2026-05-03 01:16:07,438 - INFO - 
======================================================================
2026-05-03 01:16:07,438 - INFO - EJECUTANDO: AAPLVolatilityStrategy (AAPL)
2026-05-03 01:16:07,438 - INFO - ======================================================================
[*********************100%***********************]  1 of 1 completed
2026-05-03 01:16:08,245 - INFO - 📊 Análisis: Volatilidad alta: 5.8096 > 2.0
2026-05-03 01:16:08,245 - INFO -    Confianza: 100.0%
2026-05-03 01:16:08,245 - INFO - ✅ SEÑAL DE ENTRADA
2026-05-03 01:16:08,245 - INFO -    Entry Price: 280.1500
2026-05-03 01:16:08,245 - INFO -    TP: 291.3560
2026-05-03 01:16:08,245 - INFO -    SL: 275.9477
2026-05-03 01:16:08,248 - INFO -    Trade #1 guardado en BD
2026-05-03 01:16:08,249 - INFO - 📊 Trades abiertos: 1
2026-05-03 01:16:08,249 - INFO - 
📈 ESTADÍSTICAS TOTALES:
2026-05-03 01:16:08,249 - INFO -    Total trades: 0
2026-05-03 01:16:08,249 - INFO -    Ganadores: 0
2026-05-03 01:16:08,249 - INFO -    Win Rate: 0.0%
2026-05-03 01:16:08,249 - INFO -    Total Return: +0.00%
2026-05-03 01:16:08,249 - INFO -    Avg Return: +0.00%
2026-05-03 01:16:08,249 - INFO - 
======================================================================
2026-05-03 01:16:08,249 - INFO - EJECUTANDO: MSFTTrendFollowingStrategy (MSFT)
2026-05-03 01:16:08,249 - INFO - ======================================================================
[*********************100%***********************]  1 of 1 completed
2026-05-03 01:16:08,728 - INFO - 📊 Análisis: Sin cruce: MA10 < MA20
2026-05-03 01:16:08,728 - INFO -    Confianza: 0.0%
2026-05-03 01:16:08,728 - INFO - ❌ Sin señal
2026-05-03 01:16:08,728 - INFO - 📊 Trades abiertos: 1
2026-05-03 01:16:08,729 - INFO - 
📈 ESTADÍSTICAS TOTALES:
2026-05-03 01:16:08,729 - INFO -    Total trades: 0
2026-05-03 01:16:08,729 - INFO -    Ganadores: 0
2026-05-03 01:16:08,729 - INFO -    Win Rate: 0.0%
2026-05-03 01:16:08,729 - INFO -    Total Return: +0.00%
2026-05-03 01:16:08,729 - INFO -    Avg Return: +0.00%
2026-05-03 01:16:08,729 - INFO - 
✅ Ciclo completado

2026-05-03 02:00:08,740 - INFO - 

######################################################################
2026-05-03 02:00:08,740 - INFO - # CICLO DE EJECUCIÓN - 2026-05-03 02:00:08.740608
2026-05-03 02:00:08,740 - INFO - ######################################################################
2026-05-03 02:00:08,740 - INFO - 
======================================================================
2026-05-03 02:00:08,741 - INFO - EJECUTANDO: AAPLVolatilityStrategy (AAPL)
2026-05-03 02:00:08,741 - INFO - ======================================================================
[*********************100%***********************]  1 of 1 completed
2026-05-03 02:00:09,242 - INFO - 📊 Análisis: Volatilidad alta: 5.8096 > 2.0
2026-05-03 02:00:09,242 - INFO -    Confianza: 100.0%
2026-05-03 02:00:09,242 - INFO - ⚠️  Ya hay trade abierto en AAPL. Esperando cierre...
2026-05-03 02:00:09,243 - INFO - 📊 Trades abiertos: 1
2026-05-03 02:00:09,243 - INFO - 
📈 ESTADÍSTICAS TOTALES:
2026-05-03 02:00:09,243 - INFO -    Total trades: 0
2026-05-03 02:00:09,243 - INFO -    Ganadores: 0
2026-05-03 02:00:09,243 - INFO -    Win Rate: 0.0%
2026-05-03 02:00:09,243 - INFO -    Total Return: +0.00%
2026-05-03 02:00:09,243 - INFO -    Avg Return: +0.00%
2026-05-03 02:00:09,243 - INFO - 
======================================================================
2026-05-03 02:00:09,243 - INFO - EJECUTANDO: MSFTTrendFollowingStrategy (MSFT)
2026-05-03 02:00:09,243 - INFO - ======================================================================
[*********************100%***********************]  1 of 1 completed
2026-05-03 02:00:09,642 - INFO - 📊 Análisis: Sin cruce: MA10 < MA20
2026-05-03 02:00:09,642 - INFO -    Confianza: 0.0%
2026-05-03 02:00:09,642 - INFO - ❌ Sin señal
2026-05-03 02:00:09,642 - INFO - 📊 Trades abiertos: 1
2026-05-03 02:00:09,642 - INFO - 
📈 ESTADÍSTICAS TOTALES:
2026-05-03 02:00:09,642 - INFO -    Total trades: 0
2026-05-03 02:00:09,642 - INFO -    Ganadores: 0
2026-05-03 02:00:09,642 - INFO -    Win Rate: 0.0%
2026-05-03 02:00:09,642 - INFO -    Total Return: +0.00%
2026-05-03 02:00:09,642 - INFO -    Avg Return: +0.00%
2026-05-03 02:00:09,642 - INFO - 
✅ Ciclo completado

